Starting HD sweep: hd_dims=8 64 128 256 516, weight_bits=4, activation_bits=5
------------------------------------------------------------------
Running hd_dim=8...
Using HD classifier head (dim=8, normalize=True)
Backbone loaded from checkpoint/vgg11_cifar10.pth
Unexpected keys: ['classifier.6.weight', 'classifier.6.bias']
HD checkpoint found at checkpoint/vgg11_cifar10_hd128.pth - loading and skipping HD fitting.
HD checkpoint loaded into model.
Applying fake weight quantization (4 bits)...
Re-running test with fake quantized weights...
[Epoch Quantized-Weights] Test  Acc: 81.19% 
Applying fake data/activation quantization (5 bits)...
Re-running test with fake quantized activations...
[Epoch Quantized-Data] Test  Acc: 71.19% 
------------------------------------------------------------------
Running hd_dim=32...
Using HD classifier head (dim=32, normalize=True)
Backbone loaded from checkpoint/vgg11_cifar10.pth
Unexpected keys: ['classifier.6.weight', 'classifier.6.bias']
HD checkpoint found at checkpoint/vgg11_cifar10_hd128.pth - loading and skipping HD fitting.
HD checkpoint loaded into model.
Applying fake weight quantization (4 bits)...
Re-running test with fake quantized weights...
[Epoch Quantized-Weights] Test  Acc: 86.49% 
Applying fake data/activation quantization (5 bits)...
Re-running test with fake quantized activations...
[Epoch Quantized-Data] Test  Acc: 81.75% 
------------------------------------------------------------------
Running hd_dim=64...
Using HD classifier head (dim=64, normalize=True)
Backbone loaded from checkpoint/vgg11_cifar10.pth
Unexpected keys: ['classifier.6.weight', 'classifier.6.bias']
HD checkpoint found at checkpoint/vgg11_cifar10_hd128.pth - loading and skipping HD fitting.
HD checkpoint loaded into model.
Applying fake weight quantization (4 bits)...
Re-running test with fake quantized weights...
[Epoch Quantized-Weights] Test  Acc: 87.53% 
Applying fake data/activation quantization (5 bits)...
Re-running test with fake quantized activations...
[Epoch Quantized-Data] Test  Acc: 86.50% 
------------------------------------------------------------------
Running hd_dim=128...
Using HD classifier head (dim=128, normalize=True)
Backbone loaded from checkpoint/vgg11_cifar10.pth
Unexpected keys: ['classifier.6.weight', 'classifier.6.bias']
HD checkpoint found at checkpoint/vgg11_cifar10_hd128.pth - loading and skipping HD fitting.
HD checkpoint loaded into model.
Applying fake weight quantization (4 bits)...
Re-running test with fake quantized weights...
[Epoch Quantized-Weights] Test  Acc: 87.48%
Applying fake data/activation quantization (5 bits)...
Re-running test with fake quantized activations...
[Epoch Quantized-Data] Test  Acc: 84.16%
------------------------------------------------------------------
Running hd_dim=256...
Using HD classifier head (dim=256, normalize=True)
Backbone loaded from checkpoint/vgg11_cifar10.pth
Unexpected keys: ['classifier.6.weight', 'classifier.6.bias']
Collecting features from training set for OnlineHD fitting...
Fitting OnlineHD classifier on 50000 samples...
HD checkpoint saved to checkpoint/vgg11_cifar10_hd256.pth
HD checkpoint loaded into model.
Applying fake weight quantization (4 bits)...
Re-running test with fake quantized weights...
[Epoch Quantized-Weights] Test  Acc: 87.33%
Applying fake data/activation quantization (5 bits)...
Re-running test with fake quantized activations...
[Epoch Quantized-Data] Test  Acc: 86.03%
------------------------------------------------------------------
Running hd_dim=512...
Using HD classifier head (dim=516, normalize=True)
Backbone loaded from checkpoint/vgg11_cifar10.pth
Unexpected keys: ['classifier.6.weight', 'classifier.6.bias']
Collecting features from training set for OnlineHD fitting...
Fitting OnlineHD classifier on 50000 samples...
HD checkpoint saved to checkpoint/vgg11_cifar10_hd516.pth
HD checkpoint loaded into model.
Applying fake weight quantization (4 bits)...
Re-running test with fake quantized weights...
[Epoch Quantized-Weights] Test  Acc: 87.59%
Applying fake data/activation quantization (5 bits)...
Re-running test with fake quantized activations...
[Epoch Quantized-Data] Test  Acc: 85.42%
Sweep complete. Full log: logs/hd_quant_runs.log, summaries: logs/hd_quant_summary.txt
------------------------------------------------------------------
Running hd_dim=1024...
Using HD classifier head (dim=1024, normalize=True)
Backbone loaded from checkpoint/vgg11_cifar10.pth
Unexpected keys: ['classifier.6.weight', 'classifier.6.bias']
Collecting features from training set for OnlineHD fitting...
Fitting OnlineHD classifier on 50000 samples...
HD checkpoint saved to checkpoint/vgg11_cifar10_hd516.pth
HD checkpoint loaded into model.
Applying fake weight quantization (4 bits)...
Re-running test with fake quantized weights...
[Epoch Quantized-Weights] Test  Acc: 87.81%
Applying fake data/activation quantization (5 bits)...
Re-running test with fake quantized activations...
[Epoch Quantized-Data] Test  Acc: 85.42%
Sweep complete. Full log: logs/hd_quant_runs.log, summaries: logs/hd_quant_summary.txt
